[13:12:12.647][info] [#0:/home/marcus-doge/.emacs.d/.cache/lsp/lua-language-server/main.lua:71]: Lua Lsp startup, root: 	/home/marcus-doge/.emacs.d/.cache/lsp/lua-language-server
[13:12:12.648][info] [#0:/home/marcus-doge/.emacs.d/.cache/lsp/lua-language-server/main.lua:72]: ROOT:	/home/marcus-doge/.emacs.d/.cache/lsp/lua-language-server
[13:12:12.648][info] [#0:/home/marcus-doge/.emacs.d/.cache/lsp/lua-language-server/main.lua:73]: LOGPATH:	/home/marcus-doge/.emacs.d/.cache/lsp/lua-language-server/log
[13:12:12.648][info] [#0:/home/marcus-doge/.emacs.d/.cache/lsp/lua-language-server/main.lua:74]: METAPATH:	/home/marcus-doge/.emacs.d/.cache/lsp/lua-language-server/meta
[13:12:12.649][info] [#0:/home/marcus-doge/.emacs.d/.cache/lsp/lua-language-server/main.lua:75]: VERSION:	3.19.1
[13:12:12.697][info] [#0:script/proto/proto.lua:260]: Listen Mode: stdio
[13:12:12.697][info] [#0:script/service/service.lua:145]: 
========= Medical Examination Report =========
    --------------- Memory ---------------
        Total: 1.849 MB
        # 00 : 1.849 MB
        # 01 : 0.000 MB
        # 02 : 0.000 MB
        # 03 : 0.000 MB
        # 04 : 0.000 MB
    --------------- Coroutine ---------------
        Total:     0
        Running:   0
        Suspended: 0
        Normal:    0
        Dead:      0
    --------------- Cache ---------------
        Total: 1
        Dead:  0
    ---------------  RPC  ---------------
        Holdon:   0
        Waiting:  0
==============================================
[13:12:12.709][info] [#0:script/client.lua:657]: Client init	{
  capabilities = {
    general = {
      positionEncodings = { "utf-32", "utf-8", "utf-16" }
    },
    textDocument = {
      callHierarchy = {
        dynamicRegistration = false
      },
      codeAction = {
        codeActionLiteralSupport = {
          codeActionKind = {
            valueSet = { "", "quickfix", "refactor", "refactor.extract", "refactor.inline", "refactor.rewrite", "source", "source.organizeImports" }
          }
        },
        dataSupport = true,
        dynamicRegistration = true,
        isPreferredSupport = true,
        resolveSupport = {
          properties = { "edit", "command" }
        }
      },
      completion = {
        completionItem = {
          deprecatedSupport = true,
          documentationFormat = { "markdown", "plaintext" },
          insertReplaceSupport = true,
          insertTextModeSupport = {
            valueSet = { 1, 2 }
          },
          labelDetailsSupport = true,
          resolveAdditionalTextEditsSupport = true,
          resolveSupport = {
            properties = { "documentation", "detail", "additionalTextEdits", "command" }
          },
          snippetSupport = true
        },
        contextSupport = true,
        dynamicRegistration = true
      },
      declaration = {
        dynamicRegistration = true,
        linkSupport = true
      },
      definition = {
        dynamicRegistration = true,
        linkSupport = true
      },
      diagnostic = {
        dynamicRegistration = false,
        relatedDocumentSupport = false
      },
      documentLink = {
        dynamicRegistration = true,
        tooltipSupport = true
      },
      documentSymbol = {
        hierarchicalDocumentSymbolSupport = true,
        symbolKind = {
          valueSet = { 1, 2, 3, 4, 5, 6, 7, 8, 9, 10, 11, 12, 13, 14, 15, 16, 17, 18, 19, 20, 21, 22, 23, 24, 25, 26 }
        }
      },
      foldingRange = {
        dynamicRegistration = true
      },
      formatting = {
        dynamicRegistration = true
      },
      hover = {
        contentFormat = { "markdown", "plaintext" },
        dynamicRegistration = true
      },
      implementation = {
        dynamicRegistration = true,
        linkSupport = true
      },
      linkedEditingRange = {
        dynamicRegistration = true
      },
      onTypeFormatting = {
        dynamicRegistration = true
      },
      publishDiagnostics = {
        relatedInformation = true,
        tagSupport = {
          valueSet = { 1, 2 }
        },
        versionSupport = true
      },
      rangeFormatting = {
        dynamicRegistration = true
      },
      references = {
        dynamicRegistration = true
      },
      rename = {
        dynamicRegistration = true,
        prepareSupport = true
      },
      selectionRange = {
        dynamicRegistration = true
      },
      signatureHelp = {
        dynamicRegistration = true,
        signatureInformation = {
          activeParameterSupport = true,
          parameterInformation = {
            labelOffsetSupport = true
          }
        }
      },
      synchronization = {
        didSave = true,
        willSave = true,
        willSaveWaitUntil = true
      },
      typeDefinition = {
        dynamicRegistration = true,
        linkSupport = true
      },
      typeHierarchy = {
        dynamicRegistration = true
      }
    },
    window = {
      showDocument = {
        support = true
      },
      workDoneProgress = true
    },
    workspace = {
      applyEdit = true,
      codeLens = {
        refreshSupport = true
      },
      configuration = true,
      diagnostics = {
        refreshSupport = false
      },
      didChangeWatchedFiles = {
        dynamicRegistration = true
      },
      executeCommand = {
        dynamicRegistration = false
      },
      fileOperations = {
        didCreate = false,
        didDelete = false,
        didRename = true,
        willCreate = false,
        willDelete = false,
        willRename = true
      },
      symbol = {
        symbolKind = {
          valueSet = { 1, 2, 3, 4, 5, 6, 7, 8, 9, 10, 11, 12, 13, 14, 15, 16, 17, 18, 19, 20, 21, 22, 23, 24, 25, 26 }
        }
      },
      workspaceEdit = {
        documentChanges = true,
        resourceOperations = { "create", "rename", "delete" }
      },
      workspaceFolders = true
    }
  },
  clientInfo = {
    name = "emacs",
    version = "GNU Emacs 30.2 (build 1, x86_64-pc-linux-gnu, GTK+ Version 3.24.52, cairo version 1.18.4)\n of 2026-08-22"
  },
  processId = 28737,
  rootPath = "/home/marcus-doge/.config/hypr",
  rootUri = "file:///home/marcus-doge/.config/hypr",
  workDoneToken = "1",
  workspaceFolders = { {
      name = "hypr",
      uri = "file:///home/marcus-doge/.config/hypr"
    } }
}
[13:12:12.709][info] [#0:script/language.lua:137]: VSC language: nil
[13:12:12.710][info] [#0:script/language.lua:138]: LS  language: en-us
[13:12:12.710][info] [#0:script/workspace/workspace.lua:38]: Workspace init root: 	file:///home/marcus-doge/.config/hypr
[13:12:12.710][info] [#0:script/workspace/workspace.lua:42]: Log path: 	/home/marcus-doge/.emacs.d/.cache/lsp/lua-language-server/log/file_home_marcus-doge_.config_hypr.log
[13:12:12.710][info] [#0:script/workspace/workspace.lua:48]: Workspace create: 	file:///home/marcus-doge/.config/hypr
[13:12:12.731][info] [#0:script/provider/provider.lua:49]: Load config from client	file:///home/marcus-doge/.config/hypr
[13:12:12.731][info] [#0:script/provider/provider.lua:50]: {
  Lua = {
    color = {
      mode = "Semantic"
    },
    completion = {
      callSnippet = "Disable",
      displayContext = 6,
      enable = true,
      keywordSnippet = "Replace",
      workspaceWord = true
    },
    develop = {
      debuggerPort = 11412,
      debuggerWait = false,
      enable = false
    },
    diagnostics = {
      enable = true,
      workspaceDelay = 0,
      workspaceRate = 100
    },
    hint = {
      enable = false,
      paramName = true,
      paramType = true
    },
    hover = {
      enable = true,
      fieldInfer = 3000,
      previewFields = 100,
      viewNumber = true,
      viewString = true,
      viewStringMax = 1000
    },
    intelliSense = {
      searchDepth = 0
    },
    runtime = {
      fileEncoding = "utf8",
      path = { "?.lua", "?/init.lua", "?/?.lua" },
      version = "Lua 5.4"
    },
    signatureHelp = {
      enable = true
    },
    telemetry = {
      enable = false
    },
    window = {
      progressBar = true,
      statusBar = true
    },
    workspace = {
      ignoreDir = { ".vscode" },
      ignoreSubmodules = true,
      maxPreload = 1000,
      preloadFileSize = 100,
      useGitIgnore = true
    }
  },
  ["files.associations"] = false,
  ["files.exclude"] = false
}
[13:12:12.732][info] [#0:script/provider/completion.lua:43]: Enable completion.
[13:12:12.767][info] [#0:script/provider/provider.lua:65]: Load config from client	fallback
[13:12:12.767][info] [#0:script/provider/provider.lua:66]: {
  Lua = {
    color = {
      mode = "Semantic"
    },
    completion = {
      callSnippet = "Disable",
      displayContext = 6,
      enable = true,
      keywordSnippet = "Replace",
      workspaceWord = true
    },
    develop = {
      debuggerPort = 11412,
      debuggerWait = false,
      enable = false
    },
    diagnostics = {
      enable = true,
      workspaceDelay = 0,
      workspaceRate = 100
    },
    hint = {
      enable = false,
      paramName = true,
      paramType = true
    },
    hover = {
      enable = true,
      fieldInfer = 3000,
      previewFields = 100,
      viewNumber = true,
      viewString = true,
      viewStringMax = 1000
    },
    intelliSense = {
      searchDepth = 0
    },
    runtime = {
      fileEncoding = "utf8",
      path = { "?.lua", "?/init.lua", "?/?.lua" },
      version = "Lua 5.4"
    },
    signatureHelp = {
      enable = true
    },
    telemetry = {
      enable = false
    },
    window = {
      progressBar = true,
      statusBar = true
    },
    workspace = {
      ignoreDir = { ".vscode" },
      ignoreSubmodules = true,
      maxPreload = 1000,
      preloadFileSize = 100,
      useGitIgnore = true
    }
  },
  ["files.associations"] = false,
  ["files.exclude"] = false
}
[13:12:12.928][info] [#0:script/library.lua:216]: Init builtin library at:	file:///home/marcus-doge/.config/hypr
[13:12:12.953][info] [#0:script/library.lua:216]: Init builtin library at:	nil
[13:12:13.059][info] [#0:script/workspace/workspace.lua:340]: Preload start:	file:///home/marcus-doge/.config/hypr
[13:12:13.064][info] [#0:script/workspace/workspace.lua:346]: Scan files at:	file:///home/marcus-doge/.config/hypr
[13:12:13.064][info] [#0:script/workspace/workspace.lua:340]: Preload start:	<fallback>
[13:12:13.070][info] [#0:script/workspace/workspace.lua:369]: Scan library at:	file:///home/marcus-doge/.emacs.d/.cache/lsp/lua-language-server/meta/Lua%205.4%20en-us%20utf8/io.lua
[13:12:13.071][info] [#0:script/workspace/workspace.lua:369]: Scan library at:	file:///home/marcus-doge/.emacs.d/.cache/lsp/lua-language-server/meta/Lua%205.4%20en-us%20utf8/utf8.lua
[13:12:13.071][info] [#0:script/workspace/workspace.lua:369]: Scan library at:	file:///home/marcus-doge/.emacs.d/.cache/lsp/lua-language-server/meta/Lua%205.4%20en-us%20utf8/builtin.lua
[13:12:13.071][info] [#0:script/workspace/workspace.lua:369]: Scan library at:	file:///home/marcus-doge/.emacs.d/.cache/lsp/lua-language-server/meta/Lua%205.4%20en-us%20utf8/os.lua
[13:12:13.071][info] [#0:script/workspace/workspace.lua:369]: Scan library at:	file:///home/marcus-doge/.emacs.d/.cache/lsp/lua-language-server/meta/Lua%205.4%20en-us%20utf8/math.lua
[13:12:13.071][info] [#0:script/workspace/workspace.lua:369]: Scan library at:	file:///home/marcus-doge/.emacs.d/.cache/lsp/lua-language-server/meta/Lua%205.4%20en-us%20utf8/package.lua
[13:12:13.072][info] [#0:script/workspace/workspace.lua:369]: Scan library at:	file:///home/marcus-doge/.emacs.d/.cache/lsp/lua-language-server/meta/Lua%205.4%20en-us%20utf8/table.lua
[13:12:13.072][info] [#0:script/workspace/workspace.lua:369]: Scan library at:	file:///home/marcus-doge/.emacs.d/.cache/lsp/lua-language-server/meta/Lua%205.4%20en-us%20utf8/debug.lua
[13:12:13.072][info] [#0:script/workspace/workspace.lua:369]: Scan library at:	file:///home/marcus-doge/.emacs.d/.cache/lsp/lua-language-server/meta/Lua%205.4%20en-us%20utf8/string.lua
[13:12:13.072][info] [#0:script/workspace/workspace.lua:369]: Scan library at:	file:///home/marcus-doge/.emacs.d/.cache/lsp/lua-language-server/meta/Lua%205.4%20en-us%20utf8/basic.lua
[13:12:13.072][info] [#0:script/workspace/workspace.lua:369]: Scan library at:	file:///home/marcus-doge/.emacs.d/.cache/lsp/lua-language-server/meta/Lua%205.4%20en-us%20utf8/coroutine.lua
[13:12:13.072][info] [#0:script/workspace/workspace.lua:369]: Scan library at:	file:///home/marcus-doge/.emacs.d/.cache/lsp/lua-language-server/meta/Lua%205.4%20en-us%20utf8/io.lua
[13:12:13.072][info] [#0:script/workspace/workspace.lua:369]: Scan library at:	file:///home/marcus-doge/.emacs.d/.cache/lsp/lua-language-server/meta/Lua%205.4%20en-us%20utf8/utf8.lua
[13:12:13.072][info] [#0:script/workspace/workspace.lua:369]: Scan library at:	file:///home/marcus-doge/.emacs.d/.cache/lsp/lua-language-server/meta/Lua%205.4%20en-us%20utf8/builtin.lua
[13:12:13.073][info] [#0:script/workspace/workspace.lua:369]: Scan library at:	file:///home/marcus-doge/.emacs.d/.cache/lsp/lua-language-server/meta/Lua%205.4%20en-us%20utf8/os.lua
[13:12:13.073][info] [#0:script/workspace/workspace.lua:369]: Scan library at:	file:///home/marcus-doge/.emacs.d/.cache/lsp/lua-language-server/meta/Lua%205.4%20en-us%20utf8/math.lua
[13:12:13.073][info] [#0:script/workspace/workspace.lua:369]: Scan library at:	file:///home/marcus-doge/.emacs.d/.cache/lsp/lua-language-server/meta/Lua%205.4%20en-us%20utf8/package.lua
[13:12:13.073][info] [#0:script/workspace/workspace.lua:369]: Scan library at:	file:///home/marcus-doge/.emacs.d/.cache/lsp/lua-language-server/meta/Lua%205.4%20en-us%20utf8/table.lua
[13:12:13.073][info] [#0:script/workspace/workspace.lua:369]: Scan library at:	file:///home/marcus-doge/.emacs.d/.cache/lsp/lua-language-server/meta/Lua%205.4%20en-us%20utf8/debug.lua
[13:12:13.073][info] [#0:script/workspace/workspace.lua:369]: Scan library at:	file:///home/marcus-doge/.emacs.d/.cache/lsp/lua-language-server/meta/Lua%205.4%20en-us%20utf8/string.lua
[13:12:13.073][info] [#0:script/workspace/workspace.lua:369]: Scan library at:	file:///home/marcus-doge/.emacs.d/.cache/lsp/lua-language-server/meta/Lua%205.4%20en-us%20utf8/basic.lua
[13:12:13.073][info] [#0:script/workspace/workspace.lua:369]: Scan library at:	file:///home/marcus-doge/.emacs.d/.cache/lsp/lua-language-server/meta/Lua%205.4%20en-us%20utf8/coroutine.lua
[13:12:13.271][info] [#0:script/workspace/workspace.lua:397]: Found 11 files at:	<fallback>
[13:12:13.271][info] [#0:script/workspace/loading.lua:160]: Load files from disk:	<fallback>
[13:12:13.271][info] [#0:script/workspace/workspace.lua:397]: Found 18 files at:	file:///home/marcus-doge/.config/hypr
[13:12:13.271][info] [#0:script/workspace/loading.lua:160]: Load files from disk:	file:///home/marcus-doge/.config/hypr
[13:12:13.272][info] [#0:script/workspace/loading.lua:88]: Skip loaded file: file:///home/marcus-doge/.config/hypr/hyprland.lua
[13:12:13.274][info] [#0:script/workspace/loading.lua:100]: Preload file at: file:///home/marcus-doge/.emacs.d/.cache/lsp/lua-language-server/meta/Lua%205.4%20en-us%20utf8/coroutine.lua , size = 2.590 KB
[13:12:13.279][info] [#0:script/workspace/loading.lua:112]: ++++As library of:	file:///home/marcus-doge/.emacs.d/.cache/lsp/lua-language-server/meta/Lua%205.4%20en-us%20utf8/coroutine.lua
[13:12:13.279][info] [#0:script/workspace/loading.lua:97]: Skip loaded file: file:///home/marcus-doge/.emacs.d/.cache/lsp/lua-language-server/meta/Lua%205.4%20en-us%20utf8/coroutine.lua
[13:12:13.279][info] [#0:script/workspace/loading.lua:100]: Preload file at: file:///home/marcus-doge/.emacs.d/.cache/lsp/lua-language-server/meta/Lua%205.4%20en-us%20utf8/basic.lua , size = 17.330 KB
[13:12:13.290][info] [#0:script/workspace/loading.lua:112]: ++++As library of:	file:///home/marcus-doge/.emacs.d/.cache/lsp/lua-language-server/meta/Lua%205.4%20en-us%20utf8/basic.lua
[13:12:13.290][info] [#0:script/workspace/loading.lua:97]: Skip loaded file: file:///home/marcus-doge/.emacs.d/.cache/lsp/lua-language-server/meta/Lua%205.4%20en-us%20utf8/basic.lua
[13:12:13.290][info] [#0:script/workspace/loading.lua:100]: Preload file at: file:///home/marcus-doge/.emacs.d/.cache/lsp/lua-language-server/meta/Lua%205.4%20en-us%20utf8/string.lua , size = 6.389 KB
[13:12:13.293][info] [#0:script/workspace/loading.lua:112]: ++++As library of:	file:///home/marcus-doge/.emacs.d/.cache/lsp/lua-language-server/meta/Lua%205.4%20en-us%20utf8/string.lua
[13:12:13.293][info] [#0:script/workspace/loading.lua:97]: Skip loaded file: file:///home/marcus-doge/.emacs.d/.cache/lsp/lua-language-server/meta/Lua%205.4%20en-us%20utf8/string.lua
[13:12:13.293][info] [#0:script/workspace/loading.lua:100]: Preload file at: file:///home/marcus-doge/.emacs.d/.cache/lsp/lua-language-server/meta/Lua%205.4%20en-us%20utf8/debug.lua , size = 7.637 KB
[13:12:13.297][info] [#0:script/workspace/loading.lua:112]: ++++As library of:	file:///home/marcus-doge/.emacs.d/.cache/lsp/lua-language-server/meta/Lua%205.4%20en-us%20utf8/debug.lua
[13:12:13.297][info] [#0:script/workspace/loading.lua:97]: Skip loaded file: file:///home/marcus-doge/.emacs.d/.cache/lsp/lua-language-server/meta/Lua%205.4%20en-us%20utf8/debug.lua
[13:12:13.297][info] [#0:script/workspace/loading.lua:100]: Preload file at: file:///home/marcus-doge/.emacs.d/.cache/lsp/lua-language-server/meta/Lua%205.4%20en-us%20utf8/table.lua , size = 5.020 KB
[13:12:13.299][info] [#0:script/workspace/loading.lua:112]: ++++As library of:	file:///home/marcus-doge/.emacs.d/.cache/lsp/lua-language-server/meta/Lua%205.4%20en-us%20utf8/table.lua
[13:12:13.299][info] [#0:script/workspace/loading.lua:97]: Skip loaded file: file:///home/marcus-doge/.emacs.d/.cache/lsp/lua-language-server/meta/Lua%205.4%20en-us%20utf8/table.lua
[13:12:13.299][info] [#0:script/workspace/loading.lua:100]: Preload file at: file:///home/marcus-doge/.emacs.d/.cache/lsp/lua-language-server/meta/Lua%205.4%20en-us%20utf8/package.lua , size = 2.944 KB
[13:12:13.300][info] [#0:script/workspace/loading.lua:112]: ++++As library of:	file:///home/marcus-doge/.emacs.d/.cache/lsp/lua-language-server/meta/Lua%205.4%20en-us%20utf8/package.lua
[13:12:13.300][info] [#0:script/workspace/loading.lua:97]: Skip loaded file: file:///home/marcus-doge/.emacs.d/.cache/lsp/lua-language-server/meta/Lua%205.4%20en-us%20utf8/package.lua
[13:12:13.300][info] [#0:script/workspace/loading.lua:100]: Preload file at: file:///home/marcus-doge/.emacs.d/.cache/lsp/lua-language-server/meta/Lua%205.4%20en-us%20utf8/math.lua , size = 8.593 KB
[13:12:13.303][info] [#0:script/workspace/loading.lua:112]: ++++As library of:	file:///home/marcus-doge/.emacs.d/.cache/lsp/lua-language-server/meta/Lua%205.4%20en-us%20utf8/math.lua
[13:12:13.303][info] [#0:script/workspace/loading.lua:97]: Skip loaded file: file:///home/marcus-doge/.emacs.d/.cache/lsp/lua-language-server/meta/Lua%205.4%20en-us%20utf8/math.lua
[13:12:13.303][info] [#0:script/workspace/loading.lua:100]: Preload file at: file:///home/marcus-doge/.emacs.d/.cache/lsp/lua-language-server/meta/Lua%205.4%20en-us%20utf8/os.lua , size = 5.608 KB
[13:12:13.306][info] [#0:script/workspace/loading.lua:112]: ++++As library of:	file:///home/marcus-doge/.emacs.d/.cache/lsp/lua-language-server/meta/Lua%205.4%20en-us%20utf8/os.lua
[13:12:13.306][info] [#0:script/workspace/loading.lua:97]: Skip loaded file: file:///home/marcus-doge/.emacs.d/.cache/lsp/lua-language-server/meta/Lua%205.4%20en-us%20utf8/os.lua
[13:12:13.306][info] [#0:script/workspace/loading.lua:100]: Preload file at: file:///home/marcus-doge/.emacs.d/.cache/lsp/lua-language-server/meta/Lua%205.4%20en-us%20utf8/builtin.lua , size = 0.302 KB
[13:12:13.306][info] [#0:script/workspace/loading.lua:112]: ++++As library of:	file:///home/marcus-doge/.emacs.d/.cache/lsp/lua-language-server/meta/Lua%205.4%20en-us%20utf8/builtin.lua
[13:12:13.306][info] [#0:script/workspace/loading.lua:97]: Skip loaded file: file:///home/marcus-doge/.emacs.d/.cache/lsp/lua-language-server/meta/Lua%205.4%20en-us%20utf8/builtin.lua
[13:12:13.306][info] [#0:script/workspace/loading.lua:100]: Preload file at: file:///home/marcus-doge/.emacs.d/.cache/lsp/lua-language-server/meta/Lua%205.4%20en-us%20utf8/utf8.lua , size = 2.387 KB
[13:12:13.307][info] [#0:script/workspace/loading.lua:112]: ++++As library of:	file:///home/marcus-doge/.emacs.d/.cache/lsp/lua-language-server/meta/Lua%205.4%20en-us%20utf8/utf8.lua
[13:12:13.307][info] [#0:script/workspace/loading.lua:97]: Skip loaded file: file:///home/marcus-doge/.emacs.d/.cache/lsp/lua-language-server/meta/Lua%205.4%20en-us%20utf8/utf8.lua
[13:12:13.307][info] [#0:script/workspace/loading.lua:100]: Preload file at: file:///home/marcus-doge/.emacs.d/.cache/lsp/lua-language-server/meta/Lua%205.4%20en-us%20utf8/io.lua , size = 6.364 KB
[13:12:13.310][info] [#0:script/workspace/loading.lua:112]: ++++As library of:	file:///home/marcus-doge/.emacs.d/.cache/lsp/lua-language-server/meta/Lua%205.4%20en-us%20utf8/io.lua
[13:12:13.310][info] [#0:script/workspace/loading.lua:97]: Skip loaded file: file:///home/marcus-doge/.emacs.d/.cache/lsp/lua-language-server/meta/Lua%205.4%20en-us%20utf8/io.lua
[13:12:13.310][info] [#0:script/workspace/loading.lua:100]: Preload file at: file:///home/marcus-doge/.config/hypr/config/monitors.lua , size = 0.116 KB
[13:12:13.310][info] [#0:script/workspace/loading.lua:100]: Preload file at: file:///home/marcus-doge/.config/hypr/config/input.lua , size = 0.528 KB
[13:12:13.311][info] [#0:script/workspace/loading.lua:100]: Preload file at: file:///home/marcus-doge/.config/hypr/config/animations.lua , size = 2.356 KB
[13:12:13.312][info] [#0:script/workspace/loading.lua:100]: Preload file at: file:///home/marcus-doge/.config/hypr/config/windows-workspaces.lua , size = 1.259 KB
[13:12:13.312][info] [#0:script/workspace/loading.lua:100]: Preload file at: file:///home/marcus-doge/.config/hypr/config/layout.lua , size = 1.123 KB
[13:12:13.313][info] [#0:script/workspace/loading.lua:100]: Preload file at: file:///home/marcus-doge/.config/hypr/config/environment.lua , size = 0.472 KB
[13:12:13.471][info] [#0:script/workspace/loading.lua:172]: Loaded files takes [0.108] sec: <fallback>
[13:12:13.471][info] [#0:script/workspace/loading.lua:181]: Compile files takes [0.000] sec: <fallback>
[13:12:13.471][info] [#0:script/workspace/loading.lua:182]: Loaded finish:	<fallback>
[13:12:13.471][info] [#0:script/workspace/workspace.lua:399]: Preload finish at:	<fallback>
[13:12:13.476][info] [#0:script/workspace/loading.lua:172]: Loaded files takes [0.112] sec: file:///home/marcus-doge/.config/hypr
[13:12:13.476][info] [#0:script/workspace/loading.lua:181]: Compile files takes [0.000] sec: file:///home/marcus-doge/.config/hypr
[13:12:13.476][info] [#0:script/workspace/loading.lua:182]: Loaded finish:	file:///home/marcus-doge/.config/hypr
[13:12:13.476][info] [#0:script/workspace/workspace.lua:399]: Preload finish at:	file:///home/marcus-doge/.config/hypr
[13:12:13.490][info] [#0:script/provider/diagnostic.lua:560]: Diagnostics scope [file:///home/marcus-doge/.config/hypr], files count:[18]
[13:12:13.544][info] [#0:script/provider/diagnostic.lua:577]: Diagnostics scope [file:///home/marcus-doge/.config/hypr] finished, takes [0.044] sec.
[13:13:37.289][info] [#0:script/provider/diagnostic.lua:560]: Diagnostics scope [file:///home/marcus-doge/.config/hypr], files count:[18]
[13:13:37.318][info] [#0:script/provider/diagnostic.lua:577]: Diagnostics scope [file:///home/marcus-doge/.config/hypr] finished, takes [0.029] sec.
[13:13:37.793][info] [#0:script/workspace/workspace.lua:300]: Scan files at:	file:///home/marcus-doge/.config/hypr/hyprland.lua
[13:13:37.793][info] [#0:script/workspace/workspace.lua:300]: Scan files at:	file:///home/marcus-doge/.config/hypr/hyprland.lua~
[13:13:37.793][info] [#0:script/workspace/loading.lua:160]: Load files from disk:	file:///home/marcus-doge/.config/hypr/hyprland.lua
[13:13:37.793][info] [#0:script/workspace/loading.lua:88]: Skip loaded file: file:///home/marcus-doge/.config/hypr/hyprland.lua
[13:13:37.793][info] [#0:script/workspace/loading.lua:160]: Load files from disk:	file:///home/marcus-doge/.config/hypr/hyprland.lua~
[13:13:37.793][info] [#0:script/workspace/loading.lua:172]: Loaded files takes [0.000] sec: file:///home/marcus-doge/.config/hypr/hyprland.lua~
[13:13:37.793][info] [#0:script/workspace/loading.lua:181]: Compile files takes [0.000] sec: file:///home/marcus-doge/.config/hypr/hyprland.lua~
[13:13:37.793][info] [#0:script/workspace/loading.lua:182]: Loaded finish:	file:///home/marcus-doge/.config/hypr/hyprland.lua~
[13:13:37.793][info] [#0:script/workspace/loading.lua:172]: Loaded files takes [0.000] sec: file:///home/marcus-doge/.config/hypr/hyprland.lua
[13:13:37.793][info] [#0:script/workspace/loading.lua:181]: Compile files takes [0.000] sec: file:///home/marcus-doge/.config/hypr/hyprland.lua
[13:13:37.793][info] [#0:script/workspace/loading.lua:182]: Loaded finish:	file:///home/marcus-doge/.config/hypr/hyprland.lua
[13:14:34.726][info] [#0:script/workspace/workspace.lua:300]: Scan files at:	file:///home/marcus-doge/.config/hypr/hyprland.lua
[13:14:34.726][info] [#0:script/workspace/workspace.lua:300]: Scan files at:	file:///home/marcus-doge/.config/hypr/hyprland.lua~
[13:14:34.727][info] [#0:script/workspace/loading.lua:160]: Load files from disk:	file:///home/marcus-doge/.config/hypr/hyprland.lua
[13:14:34.727][info] [#0:script/workspace/loading.lua:88]: Skip loaded file: file:///home/marcus-doge/.config/hypr/hyprland.lua
[13:14:34.727][info] [#0:script/workspace/loading.lua:160]: Load files from disk:	file:///home/marcus-doge/.config/hypr/hyprland.lua~
[13:14:34.727][info] [#0:script/workspace/loading.lua:172]: Loaded files takes [0.000] sec: file:///home/marcus-doge/.config/hypr/hyprland.lua~
[13:14:34.727][info] [#0:script/workspace/loading.lua:181]: Compile files takes [0.000] sec: file:///home/marcus-doge/.config/hypr/hyprland.lua~
[13:14:34.727][info] [#0:script/workspace/loading.lua:182]: Loaded finish:	file:///home/marcus-doge/.config/hypr/hyprland.lua~
[13:14:34.727][info] [#0:script/workspace/loading.lua:172]: Loaded files takes [0.000] sec: file:///home/marcus-doge/.config/hypr/hyprland.lua
[13:14:34.727][info] [#0:script/workspace/loading.lua:181]: Compile files takes [0.000] sec: file:///home/marcus-doge/.config/hypr/hyprland.lua
[13:14:34.727][info] [#0:script/workspace/loading.lua:182]: Loaded finish:	file:///home/marcus-doge/.config/hypr/hyprland.lua
